../Drivers/CMSIS/Include/core_cm4.h:2059:26:ITM_SendChar	16	static,ignoring_inline_asm
../Core/Src/main.c:110:5:main	8	static
../Core/Src/main.c:205:6:SystemClock_Config	96	static
../Core/Src/main.c:260:13:MX_USART2_UART_Init	8	static
../Core/Src/main.c:295:13:MX_GPIO_Init	48	static
../Core/Src/main.c:334:6:Task_action	16	static
../Core/Src/main.c:338:6:HAL_GPIO_EXTI_Callback	16	static
../Core/Src/main.c:351:6:StartTask1	16	static
../Core/Src/main.c:370:6:StartTask2	16	static
../Core/Src/main.c:390:6:StartTask3	16	static
../Core/Src/main.c:410:6:HAL_TIM_PeriodElapsedCallback	16	static
../Core/Src/main.c:428:6:Error_Handler	4	static,ignoring_inline_asm
