../Drivers/CMSIS/Include/core_cm4.h:2059:26:ITM_SendChar	4
../Core/Src/main.c:110:5:main	1
../Core/Src/main.c:204:6:SystemClock_Config	4
../Core/Src/main.c:259:13:MX_USART2_UART_Init	2
../Core/Src/main.c:294:13:MX_GPIO_Init	1
../Core/Src/main.c:333:6:Task_action	1
../Core/Src/main.c:337:6:HAL_GPIO_EXTI_Callback	1
../Core/Src/main.c:350:6:StartTask1	1
../Core/Src/main.c:370:6:StartTask2	1
../Core/Src/main.c:390:6:StartTask3	1
../Core/Src/main.c:411:6:HAL_TIM_PeriodElapsedCallback	2
../Core/Src/main.c:429:6:Error_Handler	1
