../Drivers/CMSIS/Include/core_cm4.h:2059:26:ITM_SendChar	16	static,ignoring_inline_asm
../Core/Src/main.c:84:5:main	8	static
../Core/Src/main.c:168:6:SystemClock_Config	96	static
../Core/Src/main.c:223:13:MX_USART2_UART_Init	8	static
../Core/Src/main.c:258:13:MX_GPIO_Init	48	static
../Core/Src/main.c:297:6:Task_action	16	static
../Core/Src/main.c:310:6:StartTask1	24	static
../Core/Src/main.c:334:6:StartTask2	24	static
../Core/Src/main.c:356:6:HAL_TIM_PeriodElapsedCallback	16	static
../Core/Src/main.c:374:6:Error_Handler	4	static,ignoring_inline_asm
