../Drivers/CMSIS/Include/core_cm4.h:2059:26:ITM_SendChar	4
../Core/Src/main.c:115:5:main	1
../Core/Src/main.c:213:6:SystemClock_Config	4
../Core/Src/main.c:268:13:MX_USART2_UART_Init	2
../Core/Src/main.c:303:13:MX_GPIO_Init	1
../Core/Src/main.c:342:6:Task_action	1
../Core/Src/main.c:346:6:HAL_GPIO_EXTI_Callback	1
../Core/Src/main.c:359:6:StartTask1	2
../Core/Src/main.c:387:6:StartTask2	1
../Core/Src/main.c:408:6:StartTask3	1
../Core/Src/main.c:428:6:HAL_TIM_PeriodElapsedCallback	2
../Core/Src/main.c:446:6:Error_Handler	1
